
 Start  Stop   Length Name               Class

 00000H 009A2H 009A3H _TEXT              CODE
 009B0H 00E88H 004D9H _DATA              DATA
 00E90H 00F0FH 00080H STACK              STACK


Detailed map of segments

 0000:0000 040A C=CODE   S=_TEXT          G=(none)  M=EXECUTES.ASM ACBP=48
 0000:040A 0125 C=CODE   S=_TEXT          G=(none)  M=UMBSNIP.ASM ACBP=48
 0000:0530 0094 C=CODE   S=_TEXT          G=(none)  M=EXEC.ASM   ACBP=48
 0000:05C4 00DF C=CODE   S=_TEXT          G=(none)  M=ENVSTR.ASM ACBP=48
 0000:06A4 0114 C=CODE   S=_TEXT          G=(none)  M=DOSFUNCS.ASM ACBP=48
 0000:07B8 00B5 C=CODE   S=_TEXT          G=(none)  M=SNIPLDEX.ASM ACBP=48
 0000:086E 00B6 C=CODE   S=_TEXT          G=(none)  M=POSSTR.ASM ACBP=48
 0000:0924 007F C=CODE   S=_TEXT          G=(none)  M=BUFFSIZE.ASM ACBP=48
 009B:0000 04AE C=DATA   S=_DATA          G=DGROUP  M=EXECUTES.ASM ACBP=48
 009B:04AE 001E C=DATA   S=_DATA          G=DGROUP  M=UMBSNIP.ASM ACBP=48
 009B:04CC 0000 C=DATA   S=_DATA          G=DGROUP  M=EXEC.ASM   ACBP=48
 009B:04CC 0000 C=DATA   S=_DATA          G=DGROUP  M=ENVSTR.ASM ACBP=48
 009B:04CC 0002 C=DATA   S=_DATA          G=DGROUP  M=DOSFUNCS.ASM ACBP=48
 009B:04CE 0007 C=DATA   S=_DATA          G=DGROUP  M=SNIPLDEX.ASM ACBP=48
 009B:04D6 0000 C=DATA   S=_DATA          G=DGROUP  M=POSSTR.ASM ACBP=48
 009B:04D6 0003 C=DATA   S=_DATA          G=DGROUP  M=BUFFSIZE.ASM ACBP=48
 009B:04E0 0080 C=STACK  S=STACK          G=DGROUP  M=EXECUTES.ASM ACBP=74

  Address         Publics by Name

 0000:0657       ASCIIZLEN
 0000:0924       BUFF_SIZE
 0000:067B       CONCATPASSTR
 0000:08E5       DELETE
 0000:05C4       ENVSTR
 009B:0019       ERROR2
 0000:0397       ERROR_MES
 009B:026E       EXCHBUFFER
 0000:053C       EXEC
 0000:0716       FILEAPPEND
 0000:076F       FILECLOSE
 0000:0750 idle  FILEOPEN
 0000:07A0       FORCDUP
 0000:06BC       GETDIR
 0000:0607       GETPROGSTR
 0000:0784       HANDLEDUP
 0000:040A       INIT_SNIPP
 009B:04CC       IORES
 0000:07B8       LOADSNIPP
 009B:00BA       MYPATH
 0000:086E       POSSTR
 0000:06A4       PRINTSTR
 0000:06F2       SETDIR
 009B:04AC       SNIPPBUFFSIZE
 009B:01EA       TEMPSTR
 0000:08B6       UPSTR

  Address         Publics by Value

 0000:0397       ERROR_MES
 0000:040A       INIT_SNIPP
 0000:053C       EXEC
 0000:05C4       ENVSTR
 0000:0607       GETPROGSTR
 0000:0657       ASCIIZLEN
 0000:067B       CONCATPASSTR
 0000:06A4       PRINTSTR
 0000:06BC       GETDIR
 0000:06F2       SETDIR
 0000:0716       FILEAPPEND
 0000:0750 idle  FILEOPEN
 0000:076F       FILECLOSE
 0000:0784       HANDLEDUP
 0000:07A0       FORCDUP
 0000:07B8       LOADSNIPP
 0000:086E       POSSTR
 0000:08B6       UPSTR
 0000:08E5       DELETE
 0000:0924       BUFF_SIZE
 009B:0019       ERROR2
 009B:00BA       MYPATH
 009B:01EA       TEMPSTR
 009B:026E       EXCHBUFFER
 009B:04AC       SNIPPBUFFSIZE
 009B:04CC       IORES

Program entry point at 0000:0000

