Turbo Assembler	 Version 3.2	    02/02/06 17:18:36	    Page 1
C:\CNSRC\cn-src\EXECUTES.ASM



      1						     locals
      2						     jumps
      3	0000					     .model small
      4						     include strucs.mac
1     5				     %NOLIST
1     6
1     7				     BeginProc macro LocalSize
1     8						     push bp
1     9						     mov bp,sp
1    10						     if	LocalSize NE 0
1    11						      sub sp,LocalSize
1    12						     endif
1    13				     endm
1    14
1    15				     EndProc macro ParamSize
1    16						     mov sp,bp
1    17						     pop bp
1    18						     ret ParamSize
1    19				     endm
1    20
1    21				     PascalStr	macro	Id, Msg
1    22					 local	 MsgLen, EndStr
1    23					 ifb <Id>
1    24					     if1
1    25					       display "Must pass name of string to MakePascalString"
1    26					     endif
1    27					     err
1    28					 else
1    29					     ifb <Msg>
1    30						 if1
1    31						   display "Must pass string parameter to MakePascalString"
1    32						 endif
1    33						 err
1    34					     else
1    35						 Id  db	 EndStr	- Id - 1, "&Msg&"
1    36						 label	 EndStr	 byte
1    37					     endif
1    38					 endif
1    39				     endm
1    40
1    41				     ASCIIZString macro	id,Msg
1    42				     id		     db	"&Msg&",0
1    43				     endm
1    44
1    45				     DOSString macro id,Msg
1    46				     id		     db	"&Msg&",13,10,'$'
1    47				     endm
1    48
1    49	*000			     Pointer	     struc
1    50	*000  01*(????)		      Offset_	     dw	?
1    51	*002  01*(????)		      Segment_	     dw	?
1    52	*004			     Pointer	     ends
1    53
1    54	*000			     FCBType	     struc
1    55	*000  01*(??)		      Drive_code     db	?	   ;Drive specified    User
1    56	*001  01*(08*(??))	      File_Name	     db	 8 dup (?) ;Filename	       User
1    57	*009  01*(03*(??))	      Extension	     db	 3 dup (?) ;Filename extension User
Turbo Assembler	 Version 3.2	    02/02/06 17:18:36	    Page 2
C:\CNSRC\cn-src\EXECUTES.ASM



1    58	*00C  01*(????)		      Current_Block  dw	?	   ;		       DOS
1    59	*00E  01*(????)		      Record_Size    dw	?	   ;		       DOS
1    60	*010  01*(????????)	      File_Size	     dd	?	   ;Value in directory DOS
1    61	*014  01*(????)		      Date_	     dw	?	   ;Value in directory DOS
1    62	*016  01*(????)		      Time_	     dw	?	   ;Value in directory DOS
1    63	*018  01*(08*(??))	      Reserved_	     db	8 dup (?)
1    64	*020  01*(??)		      Current_Record db	?	   ;		       User
1    65	*021  01*(????????)	      Random_Record  dd	?	   ;		       User
1    66	*025  01*(??)		      Number	     db	?
1    67	*026			     FCBType	     ends
1    68
1    69	*000			     EXEHeaderType   struc
1    70	*000  01*(????)		     Signature	     dw	?
1    71	*002  01*(????)		     PartPage	     dw	?
1    72	*004  01*(????)		     PageCnt	     dw	?
1    73	*006  01*(????)		     ReloCnt	     dw	?
1    74	*008  01*(????)		     HdrSize	     dw	?
1    75	*00A  01*(????)		     MinMem	     dw	?
1    76	*00C  01*(????)		     MaxMem	     dw	?
1    77	*00E  01*(????)		     ReloSS	     dw	?
1    78	*010  01*(????)		     ExeSP	     dw	?
1    79	*012  01*(????)		     ChkSum	     dw	?
1    80	*014  01*(????)		     ExeIP	     dw	?
1    81	*016  01*(????)		     ReloCS	     dw	?
1    82	*018  01*(????)		     TablOff	     dw	?
1    83	*01A  01*(????)		     Overlay	     dw	?
1    84	*01C			     EXEHeaderType   ends
1    85
1    86				     DosStr  macro Name
1    87				     &Name&	     db	80 dup(?)
1    88				     endm
1    89
1    90				     String  macro Name,Length
1    91				     &Name&	     db	&Length& dup(?)
1    92				     endm
1    93
1    94	      =0000		     false	     equ 0
1    95	      =0001		     true	     equ 1
1    96
1    97				     %LIST
1    98
     99						     include int1.mac
1   100				     %nolist
1   101				     GetIntVec Macro Vec,SaveVec
1   102						     push es
1   103						     push ax
1   104						     mov ax,0
1   105						     mov es,ax
1   106						     cli
1   107						     mov ax,es:[Vec*4]
1   108						     mov &SaveVec&.Offset_,ax
1   109						     mov ax,es:[Vec*4+2]
1   110						     mov &SaveVec&.Segment_,ax
1   111						     sti
1   112						     pop ax
1   113						     pop es
1   114				     endm
Turbo Assembler	 Version 3.2	    02/02/06 17:18:36	    Page 3
C:\CNSRC\cn-src\EXECUTES.ASM



1   115
1   116				     SetIntVec Macro Vec,SaveVec
1   117						     push es
1   118						     push ax
1   119						     mov ax,0
1   120						     mov es,ax
1   121						     mov ax,&SaveVec&.Offset_
1   122						     cli
1   123						     mov es:[Vec*4],ax
1   124						     mov ax,&SaveVec&.Segment_
1   125						     mov es:[Vec*4+2],ax
1   126						     sti
1   127						     pop ax
1   128						     pop es
1   129				     endm
1   130
1   131				     SetIntVecProc Macro Vec,Procedure
1   132						     push es
1   133						     push ax
1   134						     mov ax,0
1   135						     mov es,ax
1   136						     mov ax,Offset Procedure
1   137						     cli
1   138						     mov es:[Vec*4],ax
1   139						     mov es:[Vec*4+2],cs
1   140						     sti
1   141						     pop ax
1   142						     pop es
1   143				     endm
1   144				     %list
    145						     include repeats.mac
1   146				     %NOLIST
1   147				     pushs Macro Regs
1   148				     local Reg
1   149				      irp Reg,Regs
1   150				       push Reg
1   151				      endm
1   152				     endm
1   153
1   154				     pops Macro	Regs
1   155				     local Reg
1   156				      irp Reg,Regs
1   157				       pop Reg
1   158				      endm
1   159				     endm
1   160
1   161				     Sh	Macro Dir,Reg,Count
1   162				      rept Count
1   163					sh&Dir Reg&,1
1   164				      endm
1   165				     endm
1   166				     %LIST
1   167
    168						     include exchtype.inc
1   169	*000			     ExchBufferType  struc
1   170	*000  01*(51*(??))	      ProgrToExecute db	81 dup (?)
1   171	*051  01*(80*(??))	      CmdLine	     db	128 dup	(?)
Turbo Assembler	 Version 3.2	    02/02/06 17:18:36	    Page 4
C:\CNSRC\cn-src\EXECUTES.ASM



1   172				      DosStr <Source>
2   173	*0D1  01*(50*(??))	     Source	     db	80 dup(?)
1   174				      DosStr <ReportFile> ; ASCIIZ имя $Report файла
2   175	*121  01*(50*(??))	     ReportFile		 db 80 dup(?)
1   176				      DosStr <ConfigMask>
2   177	*171  01*(50*(??))	     ConfigMask		 db 80 dup(?)
1   178				      DosStr <OldDir>
2   179	*1C1  01*(50*(??))	     OldDir	     db	80 dup(?)
1   180	*211  01*(??)		      Error	     db	?
1   181	*212  01*(??)		      Options	     db	?
1   182	*213  01*(??)		      SnippFlag	     db	?
1   183	*214  01*(??)		      SnippInUse     db	?
1   184	*215  01*(????)		      VideoSeg	     dw	?
1   185	*217  01*(????)		      TxtBufferEnd   dw	?
1   186	*219  01*(04*(??))	      TxtBufferPtr   Pointer <?,?>
1   187	*21D  01*(04*(??))	      Snipp_Init     Pointer <?,?>
1   188	*221  01*(04*(??))	      Snipp_Done     Pointer <?,?>
1   189	*225  01*(04*(??))	      Snipp_ClearBuffer	Pointer	<?,?>
1   190	*229  01*(????)		      CN_NT_Handler  dw	?
1   191	*22B			     ExchBufferType  ends
1   192
1   193				     ; Options bits
1   194	      =0001		     RedirFlag	    = 1
1   195	      =0002		     CommandFlag    = 2
1   196	      =0004		     MsgWinFlag	    = 4
1   197	      =0008		     MultiExecFlag  = 8
1   198	      =0010		     RedirFlag2	    = 16
1   199	      =0020		     CN_NT	    = 32
1   200
    201						     ;MsgRun = 1
    202	0000					     .stack 80h
    203
    204	0000					     .data
    205	0000  49 6E 63 6F 72 72	65+  Error1	     db	'Incorrect DOS version.',13,10,'$'
    206	      63 74 20 44 4F 53	20+
    207	      76 65 72 73 69 6F	6E+
    208	      2E 0D 0A 24
    209	0019  4D 65 6D 6F 72 79	20+  Error2	     db	'Memory	alloc error.',13,10,'$'
    210	      61 6C 6C 6F 63 20	65+
    211	      72 72 6F 72 2E 0D	0A+
    212	      24
    213				     public	     Error2
    214	002F  49 6E 76 61 6C 69	64+  Error3	     db	'Invalid directory.',13,10,'$'
    215	      20 64 69 72 65 63	74+
    216	      6F 72 79 2E 0D 0A	24
    217	0044  46 61 69 6C 65 64	20+  Error4	     db	'Failed	to load	CONNECT.EXE.',13,10,'$'
    218	      74 6F 20 6C 6F 61	64+
    219	      20 43 4F 4E 4E 45	43+
    220	      54 2E 45 58 45 2E	0D+
    221	      0A 24
    222	0062  54 68 65 20 49 42	4D+  Copyright	     db	'The IBM HandShaker  Version 8.0 '
    223	      20 48 61 6E 64 53	68+
    224	      61 6B 65 72 20 20	56+
    225	      65 72 73 69 6F 6E	20+
    226	      38 2E 30 20
    227	0082  20 43 6F 70 79 72	69+		     db	' Copyright (c)	1991,05	KHEMZ Inc.',13,10,'$'
    228	      67 68 74 20 28 63	29+
Turbo Assembler	 Version 3.2	    02/02/06 17:18:36	    Page 5
C:\CNSRC\cn-src\EXECUTES.ASM



    229	      20 31 39 39 31 2C	30+
    230	      35 20 4B 48 45 4D	5A+
    231	      20 49 6E 63 2E 0D	0A+
    232	      24
    233						     PascalStr ConnectName,<CONNECT>
1   234					 ifb <ConnectName>
1   235					     if1
1   236					       display "Must pass name of string to MakePascalString"
1   237					     endif
1   238					     err
1   239					 else
1   240					     ifb <CONNECT>
1   241						 if1
1   242						   display "Must pass string parameter to MakePascalString"
1   243						 endif
1   244						 err
1   245					     else
1   246	00A6  07 43 4F 4E 4E 45	43+		 ConnectName  db  ??0001 - ConnectName - 1, "CONNECT"
    247	      54
1   248	00AE					 label	 ??0001	 byte
1   249					     endif
1   250					 endif
    251						     ASCIIZString ConnectExeName,<CONNECT.EXE>
1   252	00AE  43 4F 4E 4E 45 43	54+  ConnectExeName		 db "CONNECT.EXE",0
    253	      2E 45 58 45 00
    254						     DosStr <MyPath>
1   255	00BA  50*(??)		     MyPath	     db	80 dup(?)
    256				     public	     MyPath
    257						     String <CMDStr>,128
1   258	010A  80*(??)		     CMDStr	     db	128 dup(?)
    259						     DosStr <ExecProg>
1   260	018A  50*(??)		     ExecProg	       db 80 dup(?)
    261
    262						     PascalStr SetVar,<COMSPEC=>
1   263					 ifb <SetVar>
1   264					     if1
1   265					       display "Must pass name of string to MakePascalString"
1   266					     endif
1   267					     err
1   268					 else
1   269					     ifb <COMSPEC=>
1   270						 if1
1   271						   display "Must pass string parameter to MakePascalString"
1   272						 endif
1   273						 err
1   274					     else
1   275	01DA  08 43 4F 4D 53 50	45+		 SetVar	 db  ??0003 - SetVar - 1, "COMSPEC="
    276	      43 3D
1   277	01E3					 label	 ??0003	 byte
1   278					     endif
1   279					 endif
    280						     PascalStr CommOpt,</C >
1   281					 ifb <CommOpt>
1   282					     if1
1   283					       display "Must pass name of string to MakePascalString"
1   284					     endif
1   285					     err
Turbo Assembler	 Version 3.2	    02/02/06 17:18:36	    Page 6
C:\CNSRC\cn-src\EXECUTES.ASM



1   286					 else
1   287					     ifb </C >
1   288						 if1
1   289						   display "Must pass string parameter to MakePascalString"
1   290						 endif
1   291						 err
1   292					     else
1   293	01E3  03 2F 43 20			 CommOpt  db  ??0005 - CommOpt - 1, "/C	"
1   294	01E7					 label	 ??0005	 byte
1   295					     endif
1   296					 endif
    297						     PascalStr SnippKey,</S>
1   298					 ifb <SnippKey>
1   299					     if1
1   300					       display "Must pass name of string to MakePascalString"
1   301					     endif
1   302					     err
1   303					 else
1   304					     ifb </S>
1   305						 if1
1   306						   display "Must pass string parameter to MakePascalString"
1   307						 endif
1   308						 err
1   309					     else
1   310	01E7  02 2F 53				 SnippKey  db  ??0007 -	SnippKey - 1, "/S"
1   311	01EA					 label	 ??0007	 byte
1   312					     endif
1   313					 endif
    314						     String <TempStr>,128
1   315	01EA  80*(??)		     TempStr	      db 128 dup(?)
    316				     public	     TempStr
    317	026A  01 20		     Space	     db	1,20h
    318
    319	026C  ????		     PSPSeg	     dw	?
    320	026E  022B*(??)		     ExchBuffer	     ExchBufferType <?>
    321				     public	     ExchBuffer
    322	0499  0A 01 02 03 04 05	     BuffPtr	     db	10,1,2,3,4,5
    323	049F  026Er 02*(??)	     BuffPtr_Ptr     Pointer <offset ExchBuffer,?>
    324	04A3  0D				     db	0dh
    325	      =OFFSET 000B	     BuffPtrLen	     equ $ - offset BuffPtr
    326	04A4  01		     Result	     db	true
    327	04A5  ????		     Report	     dw	?
    328	04A7  ????		     STDOutHandler   dw	?
    329	04A9  ????		     STDErrHandler   dw	?
    330	04AB  00		     SnippLoad	     db	False
    331	04AC  3E80		     SnippBuffSize   dw	16000
    332				     public	     SnippBuffSize
    333				     extrn	     IORes : Word
    334
    335	04AE					     .code
    336
    337				     extrn	     Exec : near
    338				     ;function Exec(var	MyPath : ASCIIZ; CMDStr	: String; PSPSeg : Word) : Byte;
    339
    340				     extrn	     EnvStr : near
    341				     ;procedure	 EnvStr(var SetVar : PasString;	var DStr : ASCIIZ; PSPSeg : Word);
    342
Turbo Assembler	 Version 3.2	    02/02/06 17:18:36	    Page 7
C:\CNSRC\cn-src\EXECUTES.ASM



    343				     extrn	     GetProgStr	: near
    344				     ;Procedure	GetProgStr(var MyPath :	PasString; PSPSeg : Word);
    345
    346				     extrn	    PrintStr : near
    347				     ;Procedure	PrintStr(var OutStr : DosString);
    348
    349				     extrn	    FileCreate : near
    350				     ;Procedure	FileCreate(var FileStr : ASCIIZ, Handle	: Word);
    351
    352				     extrn	    FileAppend : near
    353				     ;Procedure	FileAppnd (var FileStr : ASCIIZ; var Handle : Word);
    354
    355				     extrn	    LoadSnipp :	near
    356				     ;procedure	LoadSnipp(Seg :	Word);
    357
    358				     extrn	    GetDir : near
    359				     ;Procedure	GetDir(var DirStr : ASCIIZ);
    360
    361				     extrn	    SetDir : near
    362				     ;Procedure	SetDir(var NewDirStr : ASCIIZ);
    363
    364				     extrn	    FileClose :	near
    365				     ;Procedure	FileClose(Handle : Word);
    366
    367				     extrn	    HandleDUP :	near
    368				     ;procedure	HandleDUP(SHandler: Word; var DHandler:	Word);
    369
    370				     extrn	    FORCDUP : near
    371				     ;procedure	FORCDUP(SHandler, DHandler: Word);
    372
    373				     extrn	    ASCIIZLen :	near
    374				     ;function ASCIIZLen(var ASCIIZStr : ASCIIZ) : Word
    375
    376				     extrn	    ConcatPasStr : near
    377				     ;procedure	ConcatPasStr(var SStr,DStr : PasStr)
    378
    379				     extrn	    PosStr : near
    380				     ;function PosStr(var SubStr,ScanStr) : Byte;
    381
    382				     extrn	    UpStr : near
    383				     ;procedure	UpStr(Var Str);
    384
    385				     extrn	    Delete : near
    386				     ;procedure	Delete(var Str,Index,Count);
    387
    388				     extrn	    Buff_Size :	near
    389				     ;function Buff_Size(Var Str : String) : Word;
    390
    391				     extrn	    Init_Snipp : near
    392
    393
    394				     CopyASCIIZ	macro
    395				     local l0
    396				     l0:	     lodsb
    397						     stosb
    398						     or	al,al
    399						     jnz l0
Turbo Assembler	 Version 3.2	    02/02/06 17:18:36	    Page 8
C:\CNSRC\cn-src\EXECUTES.ASM



    400				     endm
    401
    402	0000  B8 0000s		     Start:	     mov ax,@data
    403	0003  8E D8				     mov ds,ax
    404	0005  8C 06 026Cr			     mov PSPSeg,es
    405
    406	0009  B4 30				     mov ah,30h
    407	000B  CD 21				     int 21h
    408	000D  3C 03				     cmp al,3h
    409	000F  73 06				     jnb AllocMem
    410	0011  BA 0000r				     mov dx,offset Error1
    411	0014  E9 0380				     jmp Error_Mes ;Incorrect DOS version
    412
    413	0017			     AllocMem:	     ;Release all memory except	the amount currently being used
    414						     ;end of stack is end of non-heap portion of program
    415	0017  8B DC				     mov bx,sp
    416	0019  83 C3 0F				     add bx,15	  ;convert sp into paragraphs
    417	001C  D1 EB D1 EB D1 EB	D1+		     shr bx,4
    418	      EB
    419	0024  8C D0				     mov ax,ss	  ;calculate size of program using es PSP address
    420	0026  03 D8				     add bx,ax
    421	0028  8C C0				     mov ax,es
    422	002A  2B D8				     sub bx,ax
    423	002C  B4 4A				     mov ah,4ah	  ;resize memory block with PSP
    424	002E  CD 21				     int 21h	  ;address in es
    425	0030  73 4C				     jnc PrintCopyr
    426	0032  BA 0019r				     mov dx,offset Error2
    427	0035  E9 035F				     jmp Error_Mes ; Memory alloc error;
    428
    429	0038			     my_int_2f:
    430	0038  80 FC 17				     cmp ah, 17h
    431	003B  74 0F				     je	oldapp_handler
    432	003D  3D 168E				     cmp ax, 168eh ; Windows95 - TITLE - SET APPLICATION TITLE
    433	0040  74 05				     je	SetTitle
    434	0042  EA				     db	0eah	; jmp far + a16:a16:
    435	0043			     old_int_2f_off:
    436	0043  0000				     dw	0000h
    437	0045			     old_int_2f_seg:
    438	0045  0000				     dw	0000h
    439	0047  B8 0021		     SetTitle:	     mov ax, 21h ;cn_nt.dll SetTitle function
    440	004A  8B DF				     mov bx, di	 ; Title offset
    441
    442	004C			     oldapp_handler:
    443	004C  57				     push di	 ; save	di
    444	004D  8B F8				     mov di, ax	 ; use di to pass fct nr, as ax:
    445	004F  B8				     db	 0b8h	 ; mov ax, + i16:
    446	0050			     vdd_handle:
    447	0050  0000				     dw	 0000h
    448
    449	0052  C4C4				     dw	 0c4c4h		 ; ntcall:
    450	0054  58 02				     db	 058h, 02h	 ; DispatchCall
    451	0056  5F				     pop di		 ; restore di
    452	0057  CF				     iret
    453
    454	0058  43 4E 5F 4E 54 2E	44+  vdd_name:	     db	'CN_NT.DLL',0
    455	      4C 4C 00
    456	0062  43 4E 5F 4E 54 5F	49+  vdd_init:	     db	'CN_NT_InitVDD',0
Turbo Assembler	 Version 3.2	    02/02/06 17:18:36	    Page 9
C:\CNSRC\cn-src\EXECUTES.ASM



    457	      6E 69 74 56 44 44	00
    458	0070  43 4E 5F 4E 54 5F	43+  vdd_disp:	     db	'CN_NT_CallVDD',0
    459	      61 6C 6C 56 44 44	00
    460
    461	007E  B8 0062r		     PrintCopyr:     mov ax,offset Copyright
    462	0081  1E				     push ds
    463	0082  50				     push ax
    464	0083  E8 0000e				     call PrintStr
    465
    466						     ; CN_NT installation check
    467
    468	0086  1E				     push ds
    469	0087  06				     push es
    470	0088  8C C8				     mov ax, cs
    471	008A  8E D8				     mov ds, ax
    472	008C  8E C0				     mov es, ax
    473
    474	008E  B8 1700				     mov ax,1700h
    475	0091  50				     push ax
    476	0092  CD 2F				     int 2Fh
    477	0094  5A				     pop dx
    478	0095  3B C2				     cmp ax,dx
    479	0097  75 4C				     jne already_installed
    480
    481						     ; dos_get_true_version_number
    482	0099  B8 3306				     mov ax, 3306h
    483	009C  CD 21				     int 21h
    484
    485	009E  81 FB 3205			     cmp bx,03205h
    486	00A2  2E: C7 06	0043r 0000		     mov word ptr cs:old_int_2f_off, 0
    487	00A9  2E: C7 06	0045r 0000		     mov word ptr cs:old_int_2f_seg, 0
    488	00B0  75 33				     jne not_on_nt
    489
    490						     ; RegisterModule()
    491
    492	00B2  BE 0058r				     mov si, offset vdd_name
    493	00B5  BF 0062r				     mov di, offset vdd_init
    494	00B8  BB 0070r				     mov bx, offset vdd_disp
    495	00BB  8C C8				     mov ax, cs
    496	00BD  C4C4				     dw	0c4c4h		; ntcall:
    497	00BF  58 00				     db	058h,000h	; RegisterModule
    498	00C1  72 22				     jc	dll_not_load
    499
    500	00C3			     init_ok:
    501	00C3  2E: A3 0050r			     mov word ptr cs:vdd_handle, ax
    502
    503						     ;GetIntVec	2fh, OldInt2f
    504	00C7  B8 352F				     mov ax,0352fh
    505	00CA  CD 21				     int 21h
    506	00CC  2E: 89 1E	0043r			     mov word ptr cs:old_int_2f_off, bx
    507	00D1  2E: 8C 06	0045r			     mov word ptr cs:old_int_2f_seg, es
    508
    509						     ;SetIntVecProc 2fh, my_int_2f
    510	00D6  8C C8				     mov ax, cs
    511	00D8  8E D8				     mov ds, ax
    512	00DA  BA 0038r				     mov dx, offset my_int_2f
    513	00DD  B8 252F				     mov ax,0252fh
Turbo Assembler	 Version 3.2	    02/02/06 17:18:36	    Page 10
C:\CNSRC\cn-src\EXECUTES.ASM



    514	00E0  CD 21				     int 21h
    515	00E2  F8				     clc
    516	00E3  EB 01				     jmp dll_ok
    517
    518	00E5			     already_installed:
    519	00E5			     dll_not_load:
    520	00E5			     not_on_nt:
    521	00E5  F9				     stc
    522	00E6			     dll_ok:
    523	00E6  07				     pop es
    524	00E7  1F				     pop ds
    525	00E8  2E: A1 0050r			     mov ax, word ptr cs:vdd_handle
    526	00EC  A3 0497r				     mov ExchBuffer.CN_NT_Handler, ax
    527	00EF  73 07				     jnc set_dll_ok
    528	00F1			     set_dll_err:
    529	00F1  80 26 0480r DF			     and ExchBuffer.Options, not CN_NT
    530	00F6  EB 05				     jmp dll_next
    531	00F8			     set_dll_ok:
    532	00F8  80 0E 0480r 20			     or	ExchBuffer.Options, CN_NT
    533	00FD			     dll_next:
    534	00FD  06				     push es
    535	00FE  B8 0080				     mov ax,80h
    536	0101  50				     push ax
    537	0102  E8 0000e				     call UpStr
    538
    539	0105  06				     push es
    540	0106  B8 0080				     mov ax,80h
    541	0109  50				     push ax
    542	010A  E8 0000e				     call Buff_Size
    543	010D  A3 04ACr				     mov SnippBuffSize,ax
    544
    545	0110  1E				     push ds
    546	0111  B8 01E7r				     mov ax,offset SnippKey
    547	0114  50				     push ax
    548	0115  06				     push es
    549	0116  B8 0080				     mov ax,80h
    550	0119  50				     push ax
    551	011A  E8 0000e				     call PosStr
    552	011D  0A C0				     or	al,al
    553	011F  74 14				     jz	NoSnipKey
    554	0121  06				     push es
    555	0122  BB 0080				     mov bx,80h
    556	0125  53				     push bx
    557	0126  32 E4				     xor ah,ah
    558	0128  50				     push ax
    559	0129  B8 0002				     mov ax,2
    560	012C  50				     push ax
    561	012D  E8 0000e				     call Delete
    562	0130  C6 06 04ABr 01			     mov SnippLoad,True
    563
    564	0135  BB 0080		     NoSnipKey:	     mov bx,80h
    565	0138  26: 02 1F				     add bl,byte ptr es:[bx]
    566	013B  26: C6 47	01 0D			     mov byte ptr es:[bx+1],0dh
    567	0140  B8 00BAr				     mov ax,offset MyPath
    568	0143  1E				     push ds
    569	0144  50				     push ax
    570
Turbo Assembler	 Version 3.2	    02/02/06 17:18:36	    Page 11
C:\CNSRC\cn-src\EXECUTES.ASM



    571	0145  FF 36 026Cr			     push PSPSeg
    572	0149  E8 0000e				     Call GetProgStr
    573
    574	014C  B8 042Fr				     mov ax,offset ExchBuffer.OldDir
    575	014F  1E				     push ds
    576	0150  50				     push ax
    577	0151  E8 0000e				     call GetDir
    578	0154  83 3E 0000e 00			     cmp IORes,0
    579	0159  74 06				     jz	InitExchBuff
    580	015B  BA 002Fr				     mov dx,offset Error3
    581	015E  E9 0236				     jmp Error_Mes
    582
    583	0161  FC		     InitExchBuff:   cld
    584	0162  1E				     push ds
    585	0163  07				     pop es
    586	0164  BF 026Er				     mov di,offset ExchBuffer.ProgrToExecute
    587	0167  33 C0				     xor ax,ax
    588	0169  AA				     stosb
    589	016A  BF 02BFr				     mov di,offset ExchBuffer.CmdLine
    590	016D  AA				     stosb
    591	016E  BF 033Fr				     mov di,offset ExchBuffer.Source
    592	0171  AA				     stosb
    593	0172  BF 047Fr				     mov di,offset ExchBuffer.Error
    594	0175  AA				     stosb
    595	0176  BF 0480r				     mov di,offset ExchBuffer.Options
    596	0179  AA				     stosb
    597	017A  BF 0481r				     mov di,offset ExchBuffer.SnippFlag
    598	017D  AA				     stosb
    599	017E  BF 0482r				     mov di,offset ExchBuffer.SnippInUse
    600	0181  AA				     stosb
    601	0182  BF 0485r				     mov di,offset ExchBuffer.TxtBufferEnd
    602	0185  AB				     stosw
    603
    604	0186  BE 00BAr				     mov si,offset MyPath
    605	0189  1E				     push ds
    606	018A  56				     push si
    607
    608	018B  BF 03DFr				     mov di,offset ExchBuffer.ConfigMask
    609	018E  88 05				     mov byte ptr ds:[di],al
    610	0190  1E				     push ds
    611	0191  57				     push di
    612	0192  E8 0000e				     call ConcatPasStr
    613
    614	0195  BE 00A6r				     mov si,offset ConnectName
    615	0198  1E				     push ds
    616	0199  56				     push si
    617
    618	019A  1E				     push ds
    619	019B  57				     push di
    620	019C  E8 0000e				     call ConcatPasStr
    621
    622	019F  8C 1E 04A1r			     mov BuffPtr_Ptr.Segment_,ds
    623
    624	01A3  8C C2		     FullPath:	     mov dx,es
    625	01A5  8E 06 026Cr			     mov es,PSPSeg
    626	01A9  26: 80 3E	0050 74			     cmp byte ptr es:[80],116
    627	01AF  76 06				     jbe @@1
Turbo Assembler	 Version 3.2	    02/02/06 17:18:36	    Page 12
C:\CNSRC\cn-src\EXECUTES.ASM



    628	01B1  26: C6 06	0050 74			     mov byte ptr es:[80],116
    629	01B7  06		     @@1:	     push es
    630	01B8  8E C2				     mov es,dx
    631	01BA  B8 0080				     mov ax,80h
    632	01BD  50				     push ax
    633
    634	01BE  B8 010Ar				     mov ax,offset CMDStr
    635	01C1  1E				     push ds
    636	01C2  50				     push ax
    637	01C3  E8 0000e				     call ConcatPasStr
    638
    639	01C6  B8 0499r		     BuffCopy:	     mov ax,offset BuffPtr
    640	01C9  1E				     push ds
    641	01CA  50				     push ax
    642
    643	01CB  B8 010Ar				     mov ax,offset CMDStr
    644	01CE  1E				     push ds
    645	01CF  50				     push ax
    646	01D0  E8 0000e				     call ConcatPasStr
    647
    648	01D3  BE 00BAr				     mov si,offset MyPath
    649	01D6  BF 018Ar				     mov di,offset ExecProg
    650	01D9  AC				     lodsb
    651	01DA  8A C8				     mov cl,al
    652	01DC  32 ED				     xor ch,ch
    653	01DE  F3> A4				     rep movsb
    654	01E0  26: 80 7D	FF 5C			     cmp  byte ptr es:[di-1],'\'
    655	01E5  74 03				     je	SlashPresent
    656	01E7  B0 5C				     mov al,'\'
    657	01E9  AA				     stosb
    658	01EA  BE 00AEr		     SlashPresent:   mov si,offset ConnectExeName
    659						     CopyASCIIZ
1   660	01ED  AC		     ??0008:		 lodsb
1   661	01EE  AA				     stosb
1   662	01EF  0A C0				     or	al,al
1   663	01F1  75 FA				     jnz ??0008
    664
    665	01F3  80 3E 04ABr 01			     cmp SnippLoad,true
    666	01F8  75 08				     jne MainLoop
    667	01FA  C6 06 0481r 01			     mov ExchBuffer.SnippFlag,true
    668	01FF  E8 0000e				     call Init_Snipp
    669
    670	0202  B8 018Ar		     MainLoop:	     mov ax,offset ExecProg
    671	0205  1E				     push ds
    672	0206  50				     push ax
    673
    674	0207  B8 010Ar				     mov ax,offset CMDStr
    675	020A  1E				     push ds
    676	020B  50				     push ax
    677
    678	020C  FF 36 026Cr			     push PSPSeg
    679	0210  E8 0000e				     call Exec	;Exec CONNECT.EXE
    680	0213  0A C0				     or	al,al
    681	0215  74 06				     jz	ClearCMDStr
    682	0217  BA 0044r				     mov dx,offset Error4
    683	021A  E9 017A				     jmp Error_Mes
    684
Turbo Assembler	 Version 3.2	    02/02/06 17:18:36	    Page 13
C:\CNSRC\cn-src\EXECUTES.ASM



    685	021D  B8 0499r		     ClearCMDStr:    mov ax,offset BuffPtr
    686	0220  1E				     push ds
    687	0221  50				     push ax
    688
    689	0222  BB 010Ar				     mov bx,offset CMDStr
    690	0225  1E				     push ds
    691	0226  53				     push bx
    692	0227  C6 07 00				     mov byte ptr ds:[bx],0
    693	022A  E8 0000e				     call ConcatPasStr
    694
    695	022D  80 3E 026Er 00			     cmp ExchBuffer.ProgrToExecute,0
    696	0232  75 03 E9 0164			     je	Quit
    697
    698	0237  F6 06 0480r 01			     test ExchBuffer.Options,RedirFlag
    699	023C  75 03 E9 0093			     jz	NoRedirect
    700
    701	0241  B8 038Fr		     Redirect:	     mov ax,offset ExchBuffer.ReportFile
    702	0244  1E				     push ds
    703	0245  50				     push ax
    704
    705	0246  B8 04A5r				     mov ax,offset Report
    706	0249  1E				     push ds
    707	024A  50				     push ax
    708						     ;call FileCreate
    709	024B  E8 0000e				     call FileAppend
    710	024E  83 3E 0000e 00			     cmp IORes,0
    711	0253  74 02				     je	DUPHandler
    712	0255  EB 6F				     jmp ErrorRedir
    713
    714	0257  B8 0001		     DUPHandler:     mov ax,1
    715	025A  50				     push ax
    716
    717	025B  B8 04A7r				     mov ax,offset STDOutHandler
    718	025E  1E				     push ds
    719	025F  50				     push ax
    720	0260  E8 0000e				     call HandleDUP
    721	0263  83 3E 0000e 00			     cmp IORes,0
    722	0268  74 02				     je	DUPFORC
    723	026A  EB 5A				     jmp ErrorRedir
    724
    725	026C  FF 36 04A5r	     DUPFORC:	     push Report
    726	0270  B8 0001				     mov ax,1
    727	0273  50				     push ax
    728	0274  E8 0000e				     call FORCDUP
    729	0277  83 3E 0000e 00			     cmp IORes,0
    730						     ;je CloseFile
    731	027C  74 02				     je	DUPHandler2
    732	027E  EB 46				     jmp ErrorRedir
    733
    734	0280			     DUPHandler2:
    735	0280  F6 06 0480r 10			     test ExchBuffer.Options,RedirFlag2
    736	0285  74 29				     je	CloseFile
    737	0287  B8 0002				     mov ax,2
    738	028A  50				     push ax
    739
    740	028B  B8 04A9r				     mov ax,offset STDErrHandler
    741	028E  1E				     push ds
Turbo Assembler	 Version 3.2	    02/02/06 17:18:36	    Page 14
C:\CNSRC\cn-src\EXECUTES.ASM



    742	028F  50				     push ax
    743	0290  E8 0000e				     call HandleDUP
    744	0293  83 3E 0000e 00			     cmp IORes,0
    745	0298  74 02				     je	DUPFORC2
    746	029A  EB 2A				     jmp ErrorRedir
    747
    748	029C  FF 36 04A5r	     DUPFORC2:	     push Report
    749	02A0  B8 0002				     mov ax,2
    750	02A3  50				     push ax
    751	02A4  E8 0000e				     call FORCDUP
    752	02A7  83 3E 0000e 00			     cmp IORes,0
    753	02AC  74 02				     je	CloseFile
    754	02AE  EB 16				     jmp ErrorRedir
    755
    756	02B0  FF 36 04A5r	     CloseFile:	     push Report
    757	02B4  E8 0000e				     call FileClose
    758	02B7  A1 0000e				     mov ax,IORes
    759	02BA  A2 047Fr				     mov ExchBuffer.Error,al
    760	02BD  0B C0				     or	ax,ax ;cmp ax,0
    761	02BF  C6 06 04A4r 01			     mov Result,true
    762	02C4  74 0E				     je	NoRedirect
    763	02C6  C6 06 04A4r 00	     ErrorRedir:     mov Result,false
    764	02CB  A1 0000e				     mov ax,IORes
    765	02CE  A2 047Fr				     mov ExchBuffer.Error,al
    766	02D1  E9 FF2E				     jmp MainLoop
    767
    768	02D4  E8 0000e		     NoRedirect:     call Init_Snipp
    769
    770	02D7  F6 06 0480r 02			     test ExchBuffer.Options, CommandFlag
    771	02DC  75 0C				     jne UseCommand
    772
    773	02DE  B8 026Fr				     mov ax,offset ExchBuffer.ProgrToExecute + 1
    774	02E1  1E				     push ds
    775	02E2  50				     push ax
    776
    777	02E3  B8 02BFr				     mov ax,offset ExchBuffer.CmdLine
    778	02E6  1E				     push ds
    779	02E7  50				     push ax
    780	02E8  EB 52				     jmp Execute
    781
    782	02EA  B8 01DAr		     UseCommand:     mov ax,offset SetVar
    783	02ED  1E				     push ds
    784	02EE  50				     push ax
    785
    786	02EF  B8 0062r				     mov ax,offset Copyright
    787	02F2  1E				     push ds
    788	02F3  50				     push ax
    789
    790	02F4  FF 36 026Cr			     push PSPSeg
    791	02F8  E8 0000e				     call EnvStr
    792
    793	02FB  B8 01E3r				     mov ax,offset CommOpt
    794	02FE  1E				     push ds
    795	02FF  50				     push ax
    796
    797	0300  BB 01EAr				     mov bx,offset TempStr
    798	0303  C6 07 00				     mov byte ptr ds:[bx],0
Turbo Assembler	 Version 3.2	    02/02/06 17:18:36	    Page 15
C:\CNSRC\cn-src\EXECUTES.ASM



    799	0306  1E				     push ds
    800	0307  53				     push bx
    801	0308  E8 0000e				     call ConcatPasStr
    802
    803	030B  B8 026Er				     mov ax,offset ExchBuffer.ProgrToExecute
    804	030E  1E				     push ds
    805	030F  50				     push ax
    806
    807	0310  B8 01EAr				     mov ax,offset TempStr
    808	0313  1E				     push ds
    809	0314  50				     push ax
    810	0315  E8 0000e				     call ConcatPasStr
    811
    812	0318  B8 026Ar				     mov ax,offset Space
    813	031B  1E				     push ds
    814	031C  50				     push ax
    815
    816	031D  B8 01EAr				     mov ax,offset TempStr
    817	0320  1E				     push ds
    818	0321  50				     push ax
    819	0322  E8 0000e				     call ConcatPasStr
    820
    821	0325  B8 02BFr				     mov ax,offset ExchBuffer.CmdLine
    822	0328  1E				     push ds
    823	0329  50				     push ax
    824
    825	032A  B8 01EAr				     mov ax,offset TempStr
    826	032D  1E				     push ds
    827	032E  50				     push ax
    828	032F  E8 0000e				     call ConcatPasStr
    829
    830	0332  B8 0062r				     mov ax,offset Copyright
    831	0335  1E				     push ds
    832	0336  50				     push ax
    833
    834	0337  B8 01EAr				     mov ax,offset TempStr
    835	033A  1E				     push ds
    836	033B  50				     push ax
    837
    838	033C  FF 36 026Cr	     Execute:	     push PSPSeg
    839	0340  E8 0000e				     call Exec
    840	0343  A3 0000e				     mov IORes,ax
    841	0346  A2 047Fr				     mov ExchBuffer.Error,al
    842	0349  0A C0				     or	al,al ;cmp al,0
    843	034B  74 03 E9 FEB2			     jne MainLoop
    844	0350  F6 06 0480r 01			     test ExchBuffer.Options,RedirFlag
    845	0355  75 03 E9 FEA8			     jz	MainLoop
    846
    847	035A  FF 36 04A7r			     push STDOutHandler
    848	035E  B8 0001				     mov ax,1
    849	0361  50				     push ax
    850	0362  E8 0000e				     call FORCDUP
    851
    852	0365  FF 36 04A7r			     push STDOutHandler
    853	0369  E8 0000e				     call FileClose
    854	036C  A1 0000e				     mov ax,IORes
    855	036F  A2 047Fr				     mov ExchBuffer.Error,al
Turbo Assembler	 Version 3.2	    02/02/06 17:18:36	    Page 16
C:\CNSRC\cn-src\EXECUTES.ASM



    856
    857	0372  F6 06 0480r 10			     test ExchBuffer.Options,RedirFlag2
    858	0377  75 03 E9 FE86			     je	MainLoop
    859
    860	037C  FF 36 04A9r			     push STDErrHandler
    861	0380  B8 0002				     mov ax,2
    862	0383  50				     push ax
    863	0384  E8 0000e				     call FORCDUP
    864
    865	0387  FF 36 04A9r			     push STDErrHandler
    866	038B  E8 0000e				     call FileClose
    867	038E  A1 0000e				     mov ax,IORes
    868	0391  A2 047Fr				     mov ExchBuffer.Error,al
    869	0394  E9 FE6B				     jmp MainLoop
    870
    871	0397  B4 09		     Error_Mes:	     mov  ah,9
    872				     public	     Error_Mes
    873	0399  CD 21				     int  21h
    874	039B			     Quit:
    875	039B  2E: 83 3E	0043r 00		     cmp word ptr cs:old_int_2f_off, 0
    876	03A1  75 08				     jne @@ll1
    877	03A3  2E: 83 3E	0045r 00		     cmp word ptr cs:old_int_2f_seg, 0
    878	03A9  74 23				     je	@@ll2
    879
    880	03AB			     @@ll1:
    881						     ;SetIntVec	2fh, OldInt2f
    882
    883	03AB  1E				     push ds
    884	03AC  2E: 8B 16	0043r			     mov dx, word ptr cs:old_int_2f_off
    885	03B1  2E: A1 0045r			     mov ax, word ptr cs:old_int_2f_seg
    886	03B5  8E D8				     mov ds, ax
    887	03B7  B8 252F				     mov ax,0252fh
    888	03BA  CD 21				     int 21h
    889
    890	03BC  BE 0058r				     mov si, offset vdd_name
    891	03BF  BF 0062r				     mov di, offset vdd_init
    892	03C2  BB 0070r				     mov bx, offset vdd_disp
    893	03C5  2E: A1 0050r			     mov ax, word ptr cs:vdd_handle
    894
    895	03C9  C4C4				     dw	0c4c4h		; ntcall:
    896	03CB  58 01				     db	058h,01h	; UnRegisterModule
    897
    898	03CD  1F				     pop ds
    899
    900	03CE			     @@ll2:
    901	03CE  80 3E 0482r 01			     cmp ExchBuffer.SnippInUse,True
    902	03D3  75 15				     jne @@L1
    903	03D5  FF 1E 048Fr			     call dword	ptr ExchBuffer.Snipp_Done
    904	03D9  06				     push es
    905	03DA  B4 49				     mov ah,49h	; free memory
    906	03DC  8E 06 048Dr			     mov es,ExchBuffer.Snipp_Init.Segment_
    907	03E0  CD 21				     int 21h
    908	03E2  07				     pop es
    909	03E3  73 05				     jnc @@L1
    910	03E5  BA 0019r				     mov dx,offset Error2
    911	03E8  EB 17				     jmp Err_Msg ; Memory alloc	error;
    912
Turbo Assembler	 Version 3.2	    02/02/06 17:18:36	    Page 17
C:\CNSRC\cn-src\EXECUTES.ASM



    913	03EA  B8 042Fr		     @@L1:	     mov ax,offset ExchBuffer.OldDir
    914	03ED  1E				     push ds
    915	03EE  50				     push ax
    916	03EF  E8 0000e				     call SetDir
    917	03F2  83 3E 0000e 00			     cmp IORes,0
    918	03F7  BA 002Fr				     mov dx,offset Error3
    919	03FA  75 05				     jne Err_Msg
    920
    921	03FC  B8 4C00				     mov  ax,4c00h
    922	03FF  CD 21				     int  21h
    923	0401  B4 09		     Err_Msg:	     mov  ah,9
    924	0403  CD 21				     int  21h
    925	0405  B8 4C01				     mov  ax,4c01h
    926	0408  CD 21				     int  21h
    927				     end	     start
Turbo Assembler	 Version 3.2	    02/02/06 17:18:36	    Page 18
Symbol Table




Symbol Name			  Type	 Value

??0001				  Byte	 DGROUP:00AE
??0003				  Byte	 DGROUP:01E3
??0005				  Byte	 DGROUP:01E7
??0007				  Byte	 DGROUP:01EA
??0008				  Near	 _TEXT:01ED
??DATE				  Text	 "02/02/06"
??FILENAME			  Text	 "EXECUTES"
??TIME				  Text	 "17:18:36"
??VERSION			  Number 0314
@32BIT				  Text	 0
@@1				  Near	 _TEXT:01B7
@@L1				  Near	 _TEXT:03EA
@@LL1				  Near	 _TEXT:03AB
@@LL2				  Near	 _TEXT:03CE
@CODE				  Text	 _TEXT
@CODESIZE			  Text	 0
@CPU				  Text	 0101H
@CURSEG				  Text	 _TEXT
@DATA				  Text	 DGROUP
@DATASIZE			  Text	 0
@FILENAME			  Text	 EXECUTES
@INTERFACE			  Text	 00H
@MODEL				  Text	 2
@STACK				  Text	 DGROUP
@WORDSIZE			  Text	 2
ALLOCMEM			  Near	 _TEXT:0017
ALREADY_INSTALLED		  Near	 _TEXT:00E5
ASCIIZLEN			  Near	 _TEXT:---- Extern
BUFFCOPY			  Near	 _TEXT:01C6
BUFFPTR				  Byte	 DGROUP:0499
BUFFPTRLEN			  Number OFFSET	000B
BUFFPTR_PTR			  Struct DGROUP:049F POINTER
BUFF_SIZE			  Near	 _TEXT:---- Extern
CLEARCMDSTR			  Near	 _TEXT:021D
CLOSEFILE			  Near	 _TEXT:02B0
CMDSTR				  Byte	 DGROUP:010A
CN				  Text
CN_NT				  Number 0020
COMMANDFLAG			  Number 0002
COMMOPT				  Byte	 DGROUP:01E3
CONCATPASSTR			  Near	 _TEXT:---- Extern
CONNECTEXENAME			  Byte	 DGROUP:00AE
CONNECTNAME			  Byte	 DGROUP:00A6
COPYRIGHT			  Byte	 DGROUP:0062
DELETE				  Near	 _TEXT:---- Extern
DLL_NEXT			  Near	 _TEXT:00FD
DLL_NOT_LOAD			  Near	 _TEXT:00E5
DLL_OK				  Near	 _TEXT:00E6
DUPFORC				  Near	 _TEXT:026C
DUPFORC2			  Near	 _TEXT:029C
DUPHANDLER			  Near	 _TEXT:0257
DUPHANDLER2			  Near	 _TEXT:0280
ENVSTR				  Near	 _TEXT:---- Extern
ERROR1				  Byte	 DGROUP:0000
Turbo Assembler	 Version 3.2	    02/02/06 17:18:36	    Page 19
Symbol Table



ERROR2				  Byte	 DGROUP:0019
ERROR3				  Byte	 DGROUP:002F
ERROR4				  Byte	 DGROUP:0044
ERRORREDIR			  Near	 _TEXT:02C6
ERROR_MES			  Near	 _TEXT:0397
ERR_MSG				  Near	 _TEXT:0401
EXCHBUFFER			  Struct DGROUP:026E EXCHBUFFERTYPE
EXEC				  Near	 _TEXT:---- Extern
EXECPROG			  Byte	 DGROUP:018A
EXECUTE				  Near	 _TEXT:033C
FALSE				  Number 0000
FILEAPPEND			  Near	 _TEXT:---- Extern
FILECLOSE			  Near	 _TEXT:---- Extern
FILECREATE			  Near	 _TEXT:---- Extern
FORCDUP				  Near	 _TEXT:---- Extern
FULLPATH			  Near	 _TEXT:01A3
GETDIR				  Near	 _TEXT:---- Extern
GETPROGSTR			  Near	 _TEXT:---- Extern
HANDLEDUP			  Near	 _TEXT:---- Extern
INITEXCHBUFF			  Near	 _TEXT:0161
INIT_OK				  Near	 _TEXT:00C3
INIT_SNIPP			  Near	 _TEXT:---- Extern
IORES				  Word	 DGROUP:---- Extern
LOADSNIPP			  Near	 _TEXT:---- Extern
MAINLOOP			  Near	 _TEXT:0202
MSGWINFLAG			  Number 0004
MULTIEXECFLAG			  Number 0008
MYPATH				  Byte	 DGROUP:00BA
MY_INT_2F			  Near	 _TEXT:0038
NOREDIRECT			  Near	 _TEXT:02D4
NOSNIPKEY			  Near	 _TEXT:0135
NOT_ON_NT			  Near	 _TEXT:00E5
OLDAPP_HANDLER			  Near	 _TEXT:004C
OLD_INT_2F_OFF			  Near	 _TEXT:0043
OLD_INT_2F_SEG			  Near	 _TEXT:0045
POSSTR				  Near	 _TEXT:---- Extern
PRINTCOPYR			  Near	 _TEXT:007E
PRINTSTR			  Near	 _TEXT:---- Extern
PSPSEG				  Word	 DGROUP:026C
QUIT				  Near	 _TEXT:039B
REDIRECT			  Near	 _TEXT:0241
REDIRFLAG			  Number 0001
REDIRFLAG2			  Number 0010
REPORT				  Word	 DGROUP:04A5
RESULT				  Byte	 DGROUP:04A4
SETDIR				  Near	 _TEXT:---- Extern
SETTITLE			  Near	 _TEXT:0047
SETVAR				  Byte	 DGROUP:01DA
SET_DLL_ERR			  Near	 _TEXT:00F1
SET_DLL_OK			  Near	 _TEXT:00F8
SLASHPRESENT			  Near	 _TEXT:01EA
SNIPPBUFFSIZE			  Word	 DGROUP:04AC
SNIPPKEY			  Byte	 DGROUP:01E7
SNIPPLOAD			  Byte	 DGROUP:04AB
SPACE				  Byte	 DGROUP:026A
START				  Near	 _TEXT:0000
STDERRHANDLER			  Word	 DGROUP:04A9
Turbo Assembler	 Version 3.2	    02/02/06 17:18:36	    Page 20
Symbol Table



STDOUTHANDLER			  Word	 DGROUP:04A7
TEMPSTR				  Byte	 DGROUP:01EA
TRUE				  Number 0001
UPSTR				  Near	 _TEXT:---- Extern
USECOMMAND			  Near	 _TEXT:02EA
VDD_DISP			  Near	 _TEXT:0070
VDD_HANDLE			  Near	 _TEXT:0050
VDD_INIT			  Near	 _TEXT:0062
VDD_NAME			  Near	 _TEXT:0058

Macro Name

ASCIIZSTRING
BEGINPROC
COPYASCIIZ
DOSSTR
DOSSTRING
ENDPROC
GETINTVEC
PASCALSTR
POPS
PUSHS
SETINTVEC
SETINTVECPROC
SH
STRING

Structure Name			  Type	Offset

EXCHBUFFERTYPE
 PROGRTOEXECUTE			  Byte	 0000
 CMDLINE			  Byte	 0051
 SOURCE				  Byte	 00D1
 REPORTFILE			  Byte	 0121
 CONFIGMASK			  Byte	 0171
 OLDDIR				  Byte	 01C1
 ERROR				  Byte	 0211
 OPTIONS			  Byte	 0212
 SNIPPFLAG			  Byte	 0213
 SNIPPINUSE			  Byte	 0214
 VIDEOSEG			  Word	 0215
 TXTBUFFEREND			  Word	 0217
 TXTBUFFERPTR			  Struct 0219 POINTER
 SNIPP_INIT			  Struct 021D POINTER
 SNIPP_DONE			  Struct 0221 POINTER
 SNIPP_CLEARBUFFER		  Struct 0225 POINTER
 CN_NT_HANDLER			  Word	 0229
EXEHEADERTYPE
 SIGNATURE			  Word	 0000
 PARTPAGE			  Word	 0002
 PAGECNT			  Word	 0004
 RELOCNT			  Word	 0006
 HDRSIZE			  Word	 0008
 MINMEM				  Word	 000A
 MAXMEM				  Word	 000C
 RELOSS				  Word	 000E
 EXESP				  Word	 0010
Turbo Assembler	 Version 3.2	    02/02/06 17:18:36	    Page 21
Symbol Table



 CHKSUM				  Word	 0012
 EXEIP				  Word	 0014
 RELOCS				  Word	 0016
 TABLOFF			  Word	 0018
 OVERLAY			  Word	 001A
FCBTYPE
 DRIVE_CODE			  Byte	 0000
 FILE_NAME			  Byte	 0001
 EXTENSION			  Byte	 0009
 CURRENT_BLOCK			  Word	 000C
 RECORD_SIZE			  Word	 000E
 FILE_SIZE			  Dword	 0010
 DATE_				  Word	 0014
 TIME_				  Word	 0016
 RESERVED_			  Byte	 0018
 CURRENT_RECORD			  Byte	 0020
 RANDOM_RECORD			  Dword	 0021
 NUMBER				  Byte	 0025
POINTER
 OFFSET_			  Word	 0000
 SEGMENT_			  Word	 0002

Groups & Segments		  Bit Size Align  Combine Class

DGROUP				  Group
  STACK				  16  0080 Para	  Stack	  STACK
  _DATA				  16  04AE Word	  Public  DATA
_TEXT				  16  040A Word	  Public  CODE
